2026-03-25 09:25:52 [restartedMain] INFO  com.websales.WebSalesApplication - Starting WebSalesApplication using Java 24.0.1 with PID 17552 (E:\Hoc_Ki_IV\baitap\group_1\backend\target\classes started by hieup in E:\Hoc_Ki_IV\baitap\group_1\backend)
2026-03-25 09:25:52 [restartedMain] DEBUG com.websales.WebSalesApplication - Running with Spring Boot v3.4.5, Spring v6.2.6
2026-03-25 09:25:52 [restartedMain] INFO  com.websales.WebSalesApplication - No active profile set, falling back to 1 default profile: "default"
2026-03-25 09:25:52 [restartedMain] INFO  o.s.b.d.e.DevToolsPropertyDefaultsPostProcessor - Devtools property defaults active! Set 'spring.devtools.add-properties' to 'false' to disable
2026-03-25 09:25:52 [restartedMain] INFO  o.s.b.d.e.DevToolsPropertyDefaultsPostProcessor - For additional web related logging consider setting the 'logging.level.web' property to 'DEBUG'
2026-03-25 09:25:57 [restartedMain] INFO  o.s.d.r.c.RepositoryConfigurationDelegate - Multiple Spring Data modules found, entering strict repository configuration mode
2026-03-25 09:25:57 [restartedMain] INFO  o.s.d.r.c.RepositoryConfigurationDelegate - Bootstrapping Spring Data JPA repositories in DEFAULT mode.
2026-03-25 09:25:58 [restartedMain] INFO  o.s.d.r.c.RepositoryConfigurationDelegate - Finished Spring Data repository scanning in 1120 ms. Found 33 JPA repository interfaces.
2026-03-25 09:25:58 [restartedMain] INFO  o.s.d.r.c.RepositoryConfigurationDelegate - Multiple Spring Data modules found, entering strict repository configuration mode
2026-03-25 09:25:58 [restartedMain] INFO  o.s.d.r.c.RepositoryConfigurationDelegate - Bootstrapping Spring Data Redis repositories in DEFAULT mode.
2026-03-25 09:25:58 [restartedMain] INFO  o.s.d.r.c.RepositoryConfigurationExtensionSupport - Spring Data Redis - Could not safely identify store assignment for repository candidate interface com.websales.repository.AuditLogRepo; If you want this repository to be a Redis repository, consider annotating your entities with one of these annotations: org.springframework.data.redis.core.RedisHash (preferred), or consider extending one of the following types with your repository: org.springframework.data.keyvalue.repository.KeyValueRepository
2026-03-25 09:25:58 [restartedMain] INFO  o.s.d.r.c.RepositoryConfigurationExtensionSupport - Spring Data Redis - Could not safely identify store assignment for repository candidate interface com.websales.repository.AuthRepo; If you want this repository to be a Redis repository, consider annotating your entities with one of these annotations: org.springframework.data.redis.core.RedisHash (preferred), or consider extending one of the following types with your repository: org.springframework.data.keyvalue.repository.KeyValueRepository
2026-03-25 09:25:58 [restartedMain] INFO  o.s.d.r.c.RepositoryConfigurationExtensionSupport - Spring Data Redis - Could not safely identify store assignment for repository candidate interface com.websales.repository.BrandRepository; If you want this repository to be a Redis repository, consider annotating your entities with one of these annotations: org.springframework.data.redis.core.RedisHash (preferred), or consider extending one of the following types with your repository: org.springframework.data.keyvalue.repository.KeyValueRepository
2026-03-25 09:25:58 [restartedMain] INFO  o.s.d.r.c.RepositoryConfigurationExtensionSupport - Spring Data Redis - Could not safely identify store assignment for repository candidate interface com.websales.repository.CartItemRepository; If you want this repository to be a Redis repository, consider annotating your entities with one of these annotations: org.springframework.data.redis.core.RedisHash (preferred), or consider extending one of the following types with your repository: org.springframework.data.keyvalue.repository.KeyValueRepository
2026-03-25 09:25:58 [restartedMain] INFO  o.s.d.r.c.RepositoryConfigurationExtensionSupport - Spring Data Redis - Could not safely identify store assignment for repository candidate interface com.websales.repository.CartRepository; If you want this repository to be a Redis repository, consider annotating your entities with one of these annotations: org.springframework.data.redis.core.RedisHash (preferred), or consider extending one of the following types with your repository: org.springframework.data.keyvalue.repository.KeyValueRepository
2026-03-25 09:25:58 [restartedMain] INFO  o.s.d.r.c.RepositoryConfigurationExtensionSupport - Spring Data Redis - Could not safely identify store assignment for repository candidate interface com.websales.repository.CategoryRepository; If you want this repository to be a Redis repository, consider annotating your entities with one of these annotations: org.springframework.data.redis.core.RedisHash (preferred), or consider extending one of the following types with your repository: org.springframework.data.keyvalue.repository.KeyValueRepository
2026-03-25 09:25:58 [restartedMain] INFO  o.s.d.r.c.RepositoryConfigurationExtensionSupport - Spring Data Redis - Could not safely identify store assignment for repository candidate interface com.websales.repository.ColorRepository; If you want this repository to be a Redis repository, consider annotating your entities with one of these annotations: org.springframework.data.redis.core.RedisHash (preferred), or consider extending one of the following types with your repository: org.springframework.data.keyvalue.repository.KeyValueRepository
2026-03-25 09:25:58 [restartedMain] INFO  o.s.d.r.c.RepositoryConfigurationExtensionSupport - Spring Data Redis - Could not safely identify store assignment for repository candidate interface com.websales.repository.CustomerAddressBookRepository; If you want this repository to be a Redis repository, consider annotating your entities with one of these annotations: org.springframework.data.redis.core.RedisHash (preferred), or consider extending one of the following types with your repository: org.springframework.data.keyvalue.repository.KeyValueRepository
2026-03-25 09:25:58 [restartedMain] INFO  o.s.d.r.c.RepositoryConfigurationExtensionSupport - Spring Data Redis - Could not safely identify store assignment for repository candidate interface com.websales.repository.CustomerRepo; If you want this repository to be a Redis repository, consider annotating your entities with one of these annotations: org.springframework.data.redis.core.RedisHash (preferred), or consider extending one of the following types with your repository: org.springframework.data.keyvalue.repository.KeyValueRepository
2026-03-25 09:25:58 [restartedMain] INFO  o.s.d.r.c.RepositoryConfigurationExtensionSupport - Spring Data Redis - Could not safely identify store assignment for repository candidate interface com.websales.repository.EmployeeRepo; If you want this repository to be a Redis repository, consider annotating your entities with one of these annotations: org.springframework.data.redis.core.RedisHash (preferred), or consider extending one of the following types with your repository: org.springframework.data.keyvalue.repository.KeyValueRepository
2026-03-25 09:25:58 [restartedMain] INFO  o.s.d.r.c.RepositoryConfigurationExtensionSupport - Spring Data Redis - Could not safely identify store assignment for repository candidate interface com.websales.repository.FeedbackRepository; If you want this repository to be a Redis repository, consider annotating your entities with one of these annotations: org.springframework.data.redis.core.RedisHash (preferred), or consider extending one of the following types with your repository: org.springframework.data.keyvalue.repository.KeyValueRepository
2026-03-25 09:25:58 [restartedMain] INFO  o.s.d.r.c.RepositoryConfigurationExtensionSupport - Spring Data Redis - Could not safely identify store assignment for repository candidate interface com.websales.repository.ImageVersionRepository; If you want this repository to be a Redis repository, consider annotating your entities with one of these annotations: org.springframework.data.redis.core.RedisHash (preferred), or consider extending one of the following types with your repository: org.springframework.data.keyvalue.repository.KeyValueRepository
2026-03-25 09:25:58 [restartedMain] INFO  o.s.d.r.c.RepositoryConfigurationExtensionSupport - Spring Data Redis - Could not safely identify store assignment for repository candidate interface com.websales.repository.InvalidTokenRepository; If you want this repository to be a Redis repository, consider annotating your entities with one of these annotations: org.springframework.data.redis.core.RedisHash (preferred), or consider extending one of the following types with your repository: org.springframework.data.keyvalue.repository.KeyValueRepository
2026-03-25 09:25:58 [restartedMain] INFO  o.s.d.r.c.RepositoryConfigurationExtensionSupport - Spring Data Redis - Could not safely identify store assignment for repository candidate interface com.websales.repository.OperatingSystemRepository; If you want this repository to be a Redis repository, consider annotating your entities with one of these annotations: org.springframework.data.redis.core.RedisHash (preferred), or consider extending one of the following types with your repository: org.springframework.data.keyvalue.repository.KeyValueRepository
2026-03-25 09:25:58 [restartedMain] INFO  o.s.d.r.c.RepositoryConfigurationExtensionSupport - Spring Data Redis - Could not safely identify store assignment for repository candidate interface com.websales.repository.OrderDetailRepo; If you want this repository to be a Redis repository, consider annotating your entities with one of these annotations: org.springframework.data.redis.core.RedisHash (preferred), or consider extending one of the following types with your repository: org.springframework.data.keyvalue.repository.KeyValueRepository
2026-03-25 09:25:58 [restartedMain] INFO  o.s.d.r.c.RepositoryConfigurationExtensionSupport - Spring Data Redis - Could not safely identify store assignment for repository candidate interface com.websales.repository.OrderDetailRepository; If you want this repository to be a Redis repository, consider annotating your entities with one of these annotations: org.springframework.data.redis.core.RedisHash (preferred), or consider extending one of the following types with your repository: org.springframework.data.keyvalue.repository.KeyValueRepository
2026-03-25 09:25:58 [restartedMain] INFO  o.s.d.r.c.RepositoryConfigurationExtensionSupport - Spring Data Redis - Could not safely identify store assignment for repository candidate interface com.websales.repository.OrderRepository; If you want this repository to be a Redis repository, consider annotating your entities with one of these annotations: org.springframework.data.redis.core.RedisHash (preferred), or consider extending one of the following types with your repository: org.springframework.data.keyvalue.repository.KeyValueRepository
2026-03-25 09:25:58 [restartedMain] INFO  o.s.d.r.c.RepositoryConfigurationExtensionSupport - Spring Data Redis - Could not safely identify store assignment for repository candidate interface com.websales.repository.OriginRepository; If you want this repository to be a Redis repository, consider annotating your entities with one of these annotations: org.springframework.data.redis.core.RedisHash (preferred), or consider extending one of the following types with your repository: org.springframework.data.keyvalue.repository.KeyValueRepository
2026-03-25 09:25:58 [restartedMain] INFO  o.s.d.r.c.RepositoryConfigurationExtensionSupport - Spring Data Redis - Could not safely identify store assignment for repository candidate interface com.websales.repository.OtpRepo; If you want this repository to be a Redis repository, consider annotating your entities with one of these annotations: org.springframework.data.redis.core.RedisHash (preferred), or consider extending one of the following types with your repository: org.springframework.data.keyvalue.repository.KeyValueRepository
2026-03-25 09:25:58 [restartedMain] INFO  o.s.d.r.c.RepositoryConfigurationExtensionSupport - Spring Data Redis - Could not safely identify store assignment for repository candidate interface com.websales.repository.PasswordResetTokenRepo; If you want this repository to be a Redis repository, consider annotating your entities with one of these annotations: org.springframework.data.redis.core.RedisHash (preferred), or consider extending one of the following types with your repository: org.springframework.data.keyvalue.repository.KeyValueRepository
2026-03-25 09:25:58 [restartedMain] INFO  o.s.d.r.c.RepositoryConfigurationExtensionSupport - Spring Data Redis - Could not safely identify store assignment for repository candidate interface com.websales.repository.PaymentMethodRepository; If you want this repository to be a Redis repository, consider annotating your entities with one of these annotations: org.springframework.data.redis.core.RedisHash (preferred), or consider extending one of the following types with your repository: org.springframework.data.keyvalue.repository.KeyValueRepository
2026-03-25 09:25:58 [restartedMain] INFO  o.s.d.r.c.RepositoryConfigurationExtensionSupport - Spring Data Redis - Could not safely identify store assignment for repository candidate interface com.websales.repository.PaymentTransactionRepository; If you want this repository to be a Redis repository, consider annotating your entities with one of these annotations: org.springframework.data.redis.core.RedisHash (preferred), or consider extending one of the following types with your repository: org.springframework.data.keyvalue.repository.KeyValueRepository
2026-03-25 09:25:58 [restartedMain] INFO  o.s.d.r.c.RepositoryConfigurationExtensionSupport - Spring Data Redis - Could not safely identify store assignment for repository candidate interface com.websales.repository.PermissionRepo; If you want this repository to be a Redis repository, consider annotating your entities with one of these annotations: org.springframework.data.redis.core.RedisHash (preferred), or consider extending one of the following types with your repository: org.springframework.data.keyvalue.repository.KeyValueRepository
2026-03-25 09:25:58 [restartedMain] INFO  o.s.d.r.c.RepositoryConfigurationExtensionSupport - Spring Data Redis - Could not safely identify store assignment for repository candidate interface com.websales.repository.ProductItemRepository; If you want this repository to be a Redis repository, consider annotating your entities with one of these annotations: org.springframework.data.redis.core.RedisHash (preferred), or consider extending one of the following types with your repository: org.springframework.data.keyvalue.repository.KeyValueRepository
2026-03-25 09:25:58 [restartedMain] INFO  o.s.d.r.c.RepositoryConfigurationExtensionSupport - Spring Data Redis - Could not safely identify store assignment for repository candidate interface com.websales.repository.ProductRepository; If you want this repository to be a Redis repository, consider annotating your entities with one of these annotations: org.springframework.data.redis.core.RedisHash (preferred), or consider extending one of the following types with your repository: org.springframework.data.keyvalue.repository.KeyValueRepository
2026-03-25 09:25:58 [restartedMain] INFO  o.s.d.r.c.RepositoryConfigurationExtensionSupport - Spring Data Redis - Could not safely identify store assignment for repository candidate interface com.websales.repository.ProductVersionRepository; If you want this repository to be a Redis repository, consider annotating your entities with one of these annotations: org.springframework.data.redis.core.RedisHash (preferred), or consider extending one of the following types with your repository: org.springframework.data.keyvalue.repository.KeyValueRepository
2026-03-25 09:25:58 [restartedMain] INFO  o.s.d.r.c.RepositoryConfigurationExtensionSupport - Spring Data Redis - Could not safely identify store assignment for repository candidate interface com.websales.repository.RamRepository; If you want this repository to be a Redis repository, consider annotating your entities with one of these annotations: org.springframework.data.redis.core.RedisHash (preferred), or consider extending one of the following types with your repository: org.springframework.data.keyvalue.repository.KeyValueRepository
2026-03-25 09:25:58 [restartedMain] INFO  o.s.d.r.c.RepositoryConfigurationExtensionSupport - Spring Data Redis - Could not safely identify store assignment for repository candidate interface com.websales.repository.ReturnWarrantyRequestRepository; If you want this repository to be a Redis repository, consider annotating your entities with one of these annotations: org.springframework.data.redis.core.RedisHash (preferred), or consider extending one of the following types with your repository: org.springframework.data.keyvalue.repository.KeyValueRepository
2026-03-25 09:25:58 [restartedMain] INFO  o.s.d.r.c.RepositoryConfigurationExtensionSupport - Spring Data Redis - Could not safely identify store assignment for repository candidate interface com.websales.repository.RoleRepo; If you want this repository to be a Redis repository, consider annotating your entities with one of these annotations: org.springframework.data.redis.core.RedisHash (preferred), or consider extending one of the following types with your repository: org.springframework.data.keyvalue.repository.KeyValueRepository
2026-03-25 09:25:58 [restartedMain] INFO  o.s.d.r.c.RepositoryConfigurationExtensionSupport - Spring Data Redis - Could not safely identify store assignment for repository candidate interface com.websales.repository.RomRepository; If you want this repository to be a Redis repository, consider annotating your entities with one of these annotations: org.springframework.data.redis.core.RedisHash (preferred), or consider extending one of the following types with your repository: org.springframework.data.keyvalue.repository.KeyValueRepository
2026-03-25 09:25:58 [restartedMain] INFO  o.s.d.r.c.RepositoryConfigurationExtensionSupport - Spring Data Redis - Could not safely identify store assignment for repository candidate interface com.websales.repository.StatisticRepository; If you want this repository to be a Redis repository, consider annotating your entities with one of these annotations: org.springframework.data.redis.core.RedisHash (preferred), or consider extending one of the following types with your repository: org.springframework.data.keyvalue.repository.KeyValueRepository
2026-03-25 09:25:58 [restartedMain] INFO  o.s.d.r.c.RepositoryConfigurationExtensionSupport - Spring Data Redis - Could not safely identify store assignment for repository candidate interface com.websales.repository.SummaryCardRepository; If you want this repository to be a Redis repository, consider annotating your entities with one of these annotations: org.springframework.data.redis.core.RedisHash (preferred), or consider extending one of the following types with your repository: org.springframework.data.keyvalue.repository.KeyValueRepository
2026-03-25 09:25:58 [restartedMain] INFO  o.s.d.r.c.RepositoryConfigurationExtensionSupport - Spring Data Redis - Could not safely identify store assignment for repository candidate interface com.websales.repository.WarehouseAreaRepository; If you want this repository to be a Redis repository, consider annotating your entities with one of these annotations: org.springframework.data.redis.core.RedisHash (preferred), or consider extending one of the following types with your repository: org.springframework.data.keyvalue.repository.KeyValueRepository
2026-03-25 09:25:58 [restartedMain] INFO  o.s.d.r.c.RepositoryConfigurationDelegate - Finished Spring Data repository scanning in 104 ms. Found 0 Redis repository interfaces.
2026-03-25 09:26:02 [restartedMain] WARN  o.s.c.s.PostProcessorRegistrationDelegate$BeanPostProcessorChecker - Bean 'jpaListenerConfiguration' of type [com.websales.configuration.JpaListenerConfiguration$$SpringCGLIB$$0] is not eligible for getting processed by all BeanPostProcessors (for example: not eligible for auto-proxying). The currently created BeanPostProcessor [persistenceAnnotationBeanPostProcessor] is declared through a non-static factory method on that class; consider declaring it as static instead.
2026-03-25 09:26:04 [restartedMain] INFO  o.s.b.w.e.tomcat.TomcatWebServer - Tomcat initialized with port 8080 (http)
2026-03-25 09:26:04 [restartedMain] INFO  o.a.catalina.core.StandardService - Starting service [Tomcat]
2026-03-25 09:26:04 [restartedMain] INFO  o.a.catalina.core.StandardEngine - Starting Servlet engine: [Apache Tomcat/10.1.40]
2026-03-25 09:26:04 [restartedMain] INFO  o.a.c.c.C.[.[localhost].[/phoneShop] - Initializing Spring embedded WebApplicationContext
2026-03-25 09:26:04 [restartedMain] INFO  o.s.b.w.s.c.ServletWebServerApplicationContext - Root WebApplicationContext: initialization completed in 12275 ms
2026-03-25 09:26:06 [restartedMain] INFO  com.zaxxer.hikari.HikariDataSource - HikariPool-1 - Starting...
2026-03-25 09:26:06 [restartedMain] INFO  i.o.api.GlobalOpenTelemetry - AutoConfiguredOpenTelemetrySdk found on classpath but automatic configuration is disabled. To enable, run your JVM with -Dotel.java.global-autoconfigure.enabled=true
2026-03-25 09:26:08 [restartedMain] INFO  com.zaxxer.hikari.pool.HikariPool - HikariPool-1 - Added connection com.mysql.cj.jdbc.ConnectionImpl@61c0ea87
2026-03-25 09:26:08 [restartedMain] INFO  com.zaxxer.hikari.HikariDataSource - HikariPool-1 - Start completed.
2026-03-25 09:26:09 [restartedMain] INFO  o.h.jpa.internal.util.LogHelper - HHH000204: Processing PersistenceUnitInfo [name: default]
2026-03-25 09:26:09 [restartedMain] INFO  org.hibernate.Version - HHH000412: Hibernate ORM core version 6.6.13.Final
2026-03-25 09:26:09 [restartedMain] INFO  o.h.c.i.RegionFactoryInitiator - HHH000026: Second-level cache disabled
2026-03-25 09:26:10 [restartedMain] INFO  o.s.o.j.p.SpringPersistenceUnitInfo - No LoadTimeWeaver setup: ignoring JPA class transformer
2026-03-25 09:26:11 [restartedMain] WARN  org.hibernate.orm.deprecation - HHH90000025: MySQL8Dialect does not need to be specified explicitly using 'hibernate.dialect' (remove the property setting and it will be selected by default)
2026-03-25 09:26:11 [restartedMain] WARN  org.hibernate.orm.deprecation - HHH90000026: MySQL8Dialect has been deprecated; use org.hibernate.dialect.MySQLDialect instead
2026-03-25 09:26:11 [restartedMain] INFO  o.hibernate.orm.connections.pooling - HHH10001005: Database info:
	Database JDBC URL [Connecting through datasource 'HikariDataSource (HikariPool-1)']
	Database driver: undefined/unknown
	Database version: 8.0
	Autocommit mode: undefined/unknown
	Isolation level: undefined/unknown
	Minimum pool size: undefined/unknown
	Maximum pool size: undefined/unknown
2026-03-25 09:26:16 [restartedMain] INFO  o.h.e.t.j.p.i.JtaPlatformInitiator - HHH000489: No JTA platform available (set 'hibernate.transaction.jta.platform' to enable JTA platform integration)
2026-03-25 09:26:16 [restartedMain] INFO  o.s.o.j.LocalContainerEntityManagerFactoryBean - Initialized JPA EntityManagerFactory for persistence unit 'default'
2026-03-25 09:26:17 [restartedMain] INFO  o.s.d.j.r.query.QueryEnhancerFactory - Hibernate is in classpath; If applicable, HQL parser will be used.
2026-03-25 09:26:35 [restartedMain] WARN  o.s.b.a.o.j.JpaBaseConfiguration$JpaWebConfiguration - spring.jpa.open-in-view is enabled by default. Therefore, database queries may be performed during view rendering. Explicitly configure spring.jpa.open-in-view to disable this warning
2026-03-25 09:26:35 [restartedMain] DEBUG o.s.s.c.a.a.c.AuthenticationConfiguration$DefaultPasswordEncoderAuthenticationManagerBuilder - No authenticationProviders and no parentAuthenticationManager defined. Returning null.
2026-03-25 09:26:36 [restartedMain] DEBUG o.s.s.web.DefaultSecurityFilterChain - Will secure any request with filters: DisableEncodeUrlFilter, WebAsyncManagerIntegrationFilter, SecurityContextHolderFilter, HeaderWriterFilter, CorsFilter, LogoutFilter, OAuth2AuthorizationRequestRedirectFilter, OAuth2LoginAuthenticationFilter, BearerTokenAuthenticationFilter, RequestCacheAwareFilter, SecurityContextHolderAwareRequestFilter, AnonymousAuthenticationFilter, ExceptionTranslationFilter, AuthorizationFilter
2026-03-25 09:26:37 [restartedMain] WARN  o.s.b.a.t.ThymeleafAutoConfiguration$DefaultTemplateResolverConfiguration - Cannot find template location: classpath:/templates/ (please add some templates, check your Thymeleaf configuration, or set spring.thymeleaf.check-template-location=false)
2026-03-25 09:26:38 [restartedMain] INFO  o.s.b.d.a.OptionalLiveReloadServer - LiveReload server is running on port 35729
2026-03-25 09:26:38 [restartedMain] INFO  o.s.b.w.e.tomcat.TomcatWebServer - Tomcat started on port 8080 (http) with context path '/phoneShop'
2026-03-25 09:26:38 [restartedMain] INFO  com.websales.WebSalesApplication - Started WebSalesApplication in 47.914 seconds (process running for 60.484)
2026-03-25 09:26:39 [restartedMain] INFO  c.w.configuration.DatabaseSeeder - Bắt đầu khởi tạo dữ liệu mặc định (Seeding)...
2026-03-25 09:26:40 [restartedMain] INFO  c.w.configuration.DatabaseSeeder - Đã tạo hoặc đảm bảo 19 Permissions tồn tại.
2026-03-25 09:26:41 [restartedMain] DEBUG c.w.configuration.AuditLogListener - Saved snapshot for entity: Role with ID: 4 (first load)
2026-03-25 09:26:41 [restartedMain] INFO  c.w.configuration.DatabaseSeeder - Đã tạo hoặc đảm bảo Role ADMIN tồn tại với 19 quyền.
2026-03-25 09:26:41 [restartedMain] DEBUG c.w.configuration.AuditLogListener - PreUpdate called for entity: Role with ID: 4
2026-03-25 09:26:41 [restartedMain] DEBUG c.w.configuration.AuditLogListener - Entity is tracked for audit log, getting snapshot for old state...
2026-03-25 09:26:41 [restartedMain] DEBUG c.w.configuration.AuditLogListener - Saved old state (from JSON) for entity: Role with ID: 4
2026-03-25 09:26:41 [restartedMain] DEBUG c.w.configuration.AuditLogListener - Old state saved from snapshot for entity: Role with ID: 4
2026-03-25 09:26:41 [restartedMain] DEBUG c.w.configuration.AuditLogListener - Transaction active: true
2026-03-25 09:26:41 [restartedMain] DEBUG c.w.configuration.AuditLogListener - Registering transaction synchronization for audit log creation
2026-03-25 09:26:41 [restartedMain] DEBUG c.w.configuration.AuditLogListener - Saved snapshot for entity: Employee with ID: 3 (first load)
2026-03-25 09:26:41 [restartedMain] INFO  c.w.configuration.DatabaseSeeder - Đã đảm bảo tài khoản Admin mặc định tồn tại.
2026-03-25 09:26:41 [restartedMain] DEBUG c.w.configuration.AuditLogListener - PreUpdate called for entity: Role with ID: 4
2026-03-25 09:26:41 [restartedMain] DEBUG c.w.configuration.AuditLogListener - Entity is tracked for audit log, getting snapshot for old state...
2026-03-25 09:26:41 [restartedMain] DEBUG c.w.configuration.AuditLogListener - Saved old state (from JSON) for entity: Role with ID: 4
2026-03-25 09:26:41 [restartedMain] DEBUG c.w.configuration.AuditLogListener - Old state saved from snapshot for entity: Role with ID: 4
2026-03-25 09:26:41 [restartedMain] DEBUG c.w.configuration.AuditLogListener - Transaction active: true
2026-03-25 09:26:41 [restartedMain] DEBUG c.w.configuration.AuditLogListener - Registering transaction synchronization for audit log creation
2026-03-25 09:26:43 [restartedMain] DEBUG c.w.configuration.AuditLogListener - Transaction committed, creating audit log for entity: Role
2026-03-25 09:26:43 [restartedMain] WARN  c.w.configuration.AuditLogListener - Cannot create audit log: employeeId is null after commit for action UPDATE on entity Role
2026-03-25 09:26:43 [restartedMain] DEBUG c.w.configuration.AuditLogListener - Transaction committed, creating audit log for entity: Role
2026-03-25 09:26:43 [restartedMain] WARN  c.w.configuration.AuditLogListener - Cannot create audit log: employeeId is null after commit for action UPDATE on entity Role
2026-03-25 09:31:21 [http-nio-8080-exec-4] INFO  o.a.c.c.C.[.[localhost].[/phoneShop] - Initializing Spring DispatcherServlet 'dispatcherServlet'
2026-03-25 09:31:21 [http-nio-8080-exec-4] INFO  o.s.web.servlet.DispatcherServlet - Initializing Servlet 'dispatcherServlet'
2026-03-25 09:31:21 [http-nio-8080-exec-4] INFO  o.s.web.servlet.DispatcherServlet - Completed initialization in 245 ms
2026-03-25 09:31:22 [http-nio-8080-exec-3] DEBUG o.s.security.web.FilterChainProxy - Securing OPTIONS /customer/me
2026-03-25 09:31:22 [http-nio-8080-exec-5] DEBUG o.s.security.web.FilterChainProxy - Securing OPTIONS /productVersion/top5
2026-03-25 09:31:22 [http-nio-8080-exec-1] DEBUG o.s.security.web.FilterChainProxy - Securing OPTIONS /cart
2026-03-25 09:31:22 [http-nio-8080-exec-9] DEBUG o.s.security.web.FilterChainProxy - Securing OPTIONS /customer/me
2026-03-25 09:31:22 [http-nio-8080-exec-4] DEBUG o.s.security.web.FilterChainProxy - Securing OPTIONS /cart
2026-03-25 09:31:22 [http-nio-8080-exec-2] DEBUG o.s.security.web.FilterChainProxy - Securing OPTIONS /customer/me
2026-03-25 09:31:22 [http-nio-8080-exec-7] DEBUG o.s.security.web.FilterChainProxy - Securing GET /productVersion/top5
2026-03-25 09:31:22 [http-nio-8080-exec-3] DEBUG o.s.security.web.FilterChainProxy - Securing GET /customer/me
2026-03-25 09:31:22 [http-nio-8080-exec-8] DEBUG o.s.security.web.FilterChainProxy - Securing GET /cart
2026-03-25 09:31:24 [http-nio-8080-exec-8] DEBUG o.s.s.o.s.r.a.JwtAuthenticationProvider - Authenticated token
2026-03-25 09:31:24 [http-nio-8080-exec-3] DEBUG o.s.s.o.s.r.a.JwtAuthenticationProvider - Authenticated token
2026-03-25 09:31:24 [http-nio-8080-exec-7] DEBUG o.s.s.o.s.r.a.JwtAuthenticationProvider - Authenticated token
2026-03-25 09:31:24 [http-nio-8080-exec-8] DEBUG o.s.s.o.s.r.w.a.BearerTokenAuthenticationFilter - Set SecurityContextHolder to JwtAuthenticationToken [Principal=org.springframework.security.oauth2.jwt.Jwt@ff2c3026, Credentials=[PROTECTED], Authenticated=true, Details=WebAuthenticationDetails [RemoteIpAddress=0:0:0:0:0:0:0:1, SessionId=null], Granted Authorities=[SCOPE_CUSTOMER_UPDATE_BASIC]]
2026-03-25 09:31:24 [http-nio-8080-exec-3] DEBUG o.s.s.o.s.r.w.a.BearerTokenAuthenticationFilter - Set SecurityContextHolder to JwtAuthenticationToken [Principal=org.springframework.security.oauth2.jwt.Jwt@ff2c3026, Credentials=[PROTECTED], Authenticated=true, Details=WebAuthenticationDetails [RemoteIpAddress=0:0:0:0:0:0:0:1, SessionId=null], Granted Authorities=[SCOPE_CUSTOMER_UPDATE_BASIC]]
2026-03-25 09:31:24 [http-nio-8080-exec-7] DEBUG o.s.s.o.s.r.w.a.BearerTokenAuthenticationFilter - Set SecurityContextHolder to JwtAuthenticationToken [Principal=org.springframework.security.oauth2.jwt.Jwt@ff2c3026, Credentials=[PROTECTED], Authenticated=true, Details=WebAuthenticationDetails [RemoteIpAddress=0:0:0:0:0:0:0:1, SessionId=null], Granted Authorities=[SCOPE_CUSTOMER_UPDATE_BASIC]]
2026-03-25 09:31:24 [http-nio-8080-exec-7] DEBUG o.s.security.web.FilterChainProxy - Secured GET /productVersion/top5
2026-03-25 09:31:24 [http-nio-8080-exec-3] DEBUG o.s.security.web.FilterChainProxy - Secured GET /customer/me
2026-03-25 09:31:24 [http-nio-8080-exec-8] DEBUG o.s.security.web.FilterChainProxy - Secured GET /cart
2026-03-25 09:31:25 [http-nio-8080-exec-3] DEBUG c.w.configuration.AuditLogListener - Saved snapshot for entity: Customer with ID: 33 (first load)
2026-03-25 09:31:25 [http-nio-8080-exec-10] DEBUG o.s.security.web.FilterChainProxy - Securing GET /productVersion/top5
2026-03-25 09:31:25 [http-nio-8080-exec-5] DEBUG o.s.security.web.FilterChainProxy - Securing GET /cart
2026-03-25 09:31:25 [http-nio-8080-exec-5] DEBUG o.s.s.o.s.r.a.JwtAuthenticationProvider - Authenticated token
2026-03-25 09:31:25 [http-nio-8080-exec-5] DEBUG o.s.s.o.s.r.w.a.BearerTokenAuthenticationFilter - Set SecurityContextHolder to JwtAuthenticationToken [Principal=org.springframework.security.oauth2.jwt.Jwt@ff2c3026, Credentials=[PROTECTED], Authenticated=true, Details=WebAuthenticationDetails [RemoteIpAddress=0:0:0:0:0:0:0:1, SessionId=null], Granted Authorities=[SCOPE_CUSTOMER_UPDATE_BASIC]]
2026-03-25 09:31:25 [http-nio-8080-exec-5] DEBUG o.s.security.web.FilterChainProxy - Secured GET /cart
2026-03-25 09:31:25 [http-nio-8080-exec-10] DEBUG o.s.s.o.s.r.a.JwtAuthenticationProvider - Authenticated token
2026-03-25 09:31:25 [http-nio-8080-exec-10] DEBUG o.s.s.o.s.r.w.a.BearerTokenAuthenticationFilter - Set SecurityContextHolder to JwtAuthenticationToken [Principal=org.springframework.security.oauth2.jwt.Jwt@ff2c3026, Credentials=[PROTECTED], Authenticated=true, Details=WebAuthenticationDetails [RemoteIpAddress=0:0:0:0:0:0:0:1, SessionId=null], Granted Authorities=[SCOPE_CUSTOMER_UPDATE_BASIC]]
2026-03-25 09:31:25 [http-nio-8080-exec-10] DEBUG o.s.security.web.FilterChainProxy - Secured GET /productVersion/top5
2026-03-25 09:31:53 [http-nio-8080-exec-8] DEBUG o.s.security.web.FilterChainProxy - Securing OPTIONS /productVersion/top5
2026-03-25 09:31:53 [http-nio-8080-exec-7] DEBUG o.s.security.web.FilterChainProxy - Securing GET /productVersion/top5
2026-03-25 09:31:54 [http-nio-8080-exec-7] DEBUG o.s.s.o.s.r.a.JwtAuthenticationProvider - Authenticated token
2026-03-25 09:31:54 [http-nio-8080-exec-7] DEBUG o.s.s.o.s.r.w.a.BearerTokenAuthenticationFilter - Set SecurityContextHolder to JwtAuthenticationToken [Principal=org.springframework.security.oauth2.jwt.Jwt@ff2c3026, Credentials=[PROTECTED], Authenticated=true, Details=WebAuthenticationDetails [RemoteIpAddress=0:0:0:0:0:0:0:1, SessionId=null], Granted Authorities=[SCOPE_CUSTOMER_UPDATE_BASIC]]
2026-03-25 09:31:54 [http-nio-8080-exec-7] DEBUG o.s.security.web.FilterChainProxy - Secured GET /productVersion/top5
2026-03-25 09:32:23 [http-nio-8080-exec-3] DEBUG o.s.security.web.FilterChainProxy - Securing OPTIONS /productVersion/top5
2026-03-25 09:32:23 [http-nio-8080-exec-10] DEBUG o.s.security.web.FilterChainProxy - Securing GET /productVersion/top5
2026-03-25 09:32:24 [http-nio-8080-exec-10] DEBUG o.s.s.o.s.r.a.JwtAuthenticationProvider - Authenticated token
2026-03-25 09:32:24 [http-nio-8080-exec-10] DEBUG o.s.s.o.s.r.w.a.BearerTokenAuthenticationFilter - Set SecurityContextHolder to JwtAuthenticationToken [Principal=org.springframework.security.oauth2.jwt.Jwt@ff2c3026, Credentials=[PROTECTED], Authenticated=true, Details=WebAuthenticationDetails [RemoteIpAddress=0:0:0:0:0:0:0:1, SessionId=null], Granted Authorities=[SCOPE_CUSTOMER_UPDATE_BASIC]]
2026-03-25 09:32:24 [http-nio-8080-exec-10] DEBUG o.s.security.web.FilterChainProxy - Secured GET /productVersion/top5
2026-03-25 09:32:53 [http-nio-8080-exec-5] DEBUG o.s.security.web.FilterChainProxy - Securing OPTIONS /productVersion/top5
2026-03-25 09:32:53 [http-nio-8080-exec-1] DEBUG o.s.security.web.FilterChainProxy - Securing GET /productVersion/top5
2026-03-25 09:32:53 [http-nio-8080-exec-1] DEBUG o.s.s.o.s.r.a.JwtAuthenticationProvider - Authenticated token
2026-03-25 09:32:53 [http-nio-8080-exec-1] DEBUG o.s.s.o.s.r.w.a.BearerTokenAuthenticationFilter - Set SecurityContextHolder to JwtAuthenticationToken [Principal=org.springframework.security.oauth2.jwt.Jwt@ff2c3026, Credentials=[PROTECTED], Authenticated=true, Details=WebAuthenticationDetails [RemoteIpAddress=0:0:0:0:0:0:0:1, SessionId=null], Granted Authorities=[SCOPE_CUSTOMER_UPDATE_BASIC]]
2026-03-25 09:32:53 [http-nio-8080-exec-1] DEBUG o.s.security.web.FilterChainProxy - Secured GET /productVersion/top5
2026-03-25 09:33:23 [http-nio-8080-exec-4] DEBUG o.s.security.web.FilterChainProxy - Securing OPTIONS /productVersion/top5
2026-03-25 09:33:23 [http-nio-8080-exec-9] DEBUG o.s.security.web.FilterChainProxy - Securing GET /productVersion/top5
2026-03-25 09:33:23 [http-nio-8080-exec-9] DEBUG o.s.s.o.s.r.a.JwtAuthenticationProvider - Authenticated token
2026-03-25 09:33:23 [http-nio-8080-exec-9] DEBUG o.s.s.o.s.r.w.a.BearerTokenAuthenticationFilter - Set SecurityContextHolder to JwtAuthenticationToken [Principal=org.springframework.security.oauth2.jwt.Jwt@ff2c3026, Credentials=[PROTECTED], Authenticated=true, Details=WebAuthenticationDetails [RemoteIpAddress=0:0:0:0:0:0:0:1, SessionId=null], Granted Authorities=[SCOPE_CUSTOMER_UPDATE_BASIC]]
2026-03-25 09:33:23 [http-nio-8080-exec-9] DEBUG o.s.security.web.FilterChainProxy - Secured GET /productVersion/top5
2026-03-25 09:33:53 [http-nio-8080-exec-2] DEBUG o.s.security.web.FilterChainProxy - Securing OPTIONS /productVersion/top5
2026-03-25 09:33:53 [http-nio-8080-exec-6] DEBUG o.s.security.web.FilterChainProxy - Securing GET /productVersion/top5
2026-03-25 09:33:53 [http-nio-8080-exec-6] DEBUG o.s.s.o.s.r.a.JwtAuthenticationProvider - Authenticated token
2026-03-25 09:33:53 [http-nio-8080-exec-6] DEBUG o.s.s.o.s.r.w.a.BearerTokenAuthenticationFilter - Set SecurityContextHolder to JwtAuthenticationToken [Principal=org.springframework.security.oauth2.jwt.Jwt@ff2c3026, Credentials=[PROTECTED], Authenticated=true, Details=WebAuthenticationDetails [RemoteIpAddress=0:0:0:0:0:0:0:1, SessionId=null], Granted Authorities=[SCOPE_CUSTOMER_UPDATE_BASIC]]
2026-03-25 09:33:53 [http-nio-8080-exec-6] DEBUG o.s.security.web.FilterChainProxy - Secured GET /productVersion/top5
2026-03-25 09:34:23 [http-nio-8080-exec-8] DEBUG o.s.security.web.FilterChainProxy - Securing OPTIONS /productVersion/top5
2026-03-25 09:34:23 [http-nio-8080-exec-7] DEBUG o.s.security.web.FilterChainProxy - Securing GET /productVersion/top5
2026-03-25 09:34:23 [http-nio-8080-exec-7] DEBUG o.s.s.o.s.r.a.JwtAuthenticationProvider - Authenticated token
2026-03-25 09:34:23 [http-nio-8080-exec-7] DEBUG o.s.s.o.s.r.w.a.BearerTokenAuthenticationFilter - Set SecurityContextHolder to JwtAuthenticationToken [Principal=org.springframework.security.oauth2.jwt.Jwt@ff2c3026, Credentials=[PROTECTED], Authenticated=true, Details=WebAuthenticationDetails [RemoteIpAddress=0:0:0:0:0:0:0:1, SessionId=null], Granted Authorities=[SCOPE_CUSTOMER_UPDATE_BASIC]]
2026-03-25 09:34:23 [http-nio-8080-exec-7] DEBUG o.s.security.web.FilterChainProxy - Secured GET /productVersion/top5
2026-03-25 09:35:08 [http-nio-8080-exec-3] DEBUG o.s.security.web.FilterChainProxy - Securing OPTIONS /productVersion/top5
2026-03-25 09:35:08 [http-nio-8080-exec-10] DEBUG o.s.security.web.FilterChainProxy - Securing GET /productVersion/top5
2026-03-25 09:35:08 [http-nio-8080-exec-10] DEBUG o.s.s.o.s.r.a.JwtAuthenticationProvider - Authenticated token
2026-03-25 09:35:08 [http-nio-8080-exec-10] DEBUG o.s.s.o.s.r.w.a.BearerTokenAuthenticationFilter - Set SecurityContextHolder to JwtAuthenticationToken [Principal=org.springframework.security.oauth2.jwt.Jwt@ff2c3026, Credentials=[PROTECTED], Authenticated=true, Details=WebAuthenticationDetails [RemoteIpAddress=0:0:0:0:0:0:0:1, SessionId=null], Granted Authorities=[SCOPE_CUSTOMER_UPDATE_BASIC]]
2026-03-25 09:35:08 [http-nio-8080-exec-10] DEBUG o.s.security.web.FilterChainProxy - Secured GET /productVersion/top5
2026-03-25 09:36:08 [http-nio-8080-exec-5] DEBUG o.s.security.web.FilterChainProxy - Securing OPTIONS /productVersion/top5
2026-03-25 09:36:08 [http-nio-8080-exec-1] DEBUG o.s.security.web.FilterChainProxy - Securing GET /productVersion/top5
2026-03-25 09:36:08 [http-nio-8080-exec-1] DEBUG o.s.s.o.s.r.a.JwtAuthenticationProvider - Authenticated token
2026-03-25 09:36:08 [http-nio-8080-exec-1] DEBUG o.s.s.o.s.r.w.a.BearerTokenAuthenticationFilter - Set SecurityContextHolder to JwtAuthenticationToken [Principal=org.springframework.security.oauth2.jwt.Jwt@ff2c3026, Credentials=[PROTECTED], Authenticated=true, Details=WebAuthenticationDetails [RemoteIpAddress=0:0:0:0:0:0:0:1, SessionId=null], Granted Authorities=[SCOPE_CUSTOMER_UPDATE_BASIC]]
2026-03-25 09:36:08 [http-nio-8080-exec-1] DEBUG o.s.security.web.FilterChainProxy - Secured GET /productVersion/top5
2026-03-25 10:17:33 [SpringApplicationShutdownHook] INFO  o.s.b.w.e.tomcat.GracefulShutdown - Commencing graceful shutdown. Waiting for active requests to complete
2026-03-25 10:17:33 [tomcat-shutdown] INFO  o.s.b.w.e.tomcat.GracefulShutdown - Graceful shutdown complete
2026-03-25 10:17:33 [SpringApplicationShutdownHook] INFO  o.s.o.j.LocalContainerEntityManagerFactoryBean - Closing JPA EntityManagerFactory for persistence unit 'default'
2026-03-25 10:17:33 [SpringApplicationShutdownHook] INFO  com.zaxxer.hikari.HikariDataSource - HikariPool-1 - Shutdown initiated...
2026-03-25 10:17:34 [SpringApplicationShutdownHook] INFO  com.zaxxer.hikari.HikariDataSource - HikariPool-1 - Shutdown completed.
